# karvi v0.26.0: the released v0.25.0 daemon against the tree's client, before 1/3; executed 2026-10-04T00:35:35Z under /tmp/nd.H543/c, no device (TEST-NET-1)
the daemon executable: karvi 0.25.0, the released bytes of the tree's bin/ checked against CHECKSUMS.sha256 before the rebuild
[1] the daemon's executable starts its daemon
daemon started socket=/tmp/nd.H543/c/base/socket/daemon.sock
daemon running
exit=0
{
  "ipc_schema_version": 10,
  "status": "running",
  "pid": 516723,
  "uid": 1000,
  "socket": "/tmp/nd.H543/c/base/socket/daemon.sock",
  "started_at": "2026-10-03T20:35:35.574932913-04:00",
  "active_jobs": 0,
  "accepted_jobs": 0,
  "version": "0.25.0",
  "compatible": true,
  "client_version": "0.25.0",
  "client_ipc_schema": 10
}
[2] the client's executable asks the daemon's status
status: running
pid: 516723
uid: 1000
socket: /tmp/nd.H543/c/base/socket/daemon.sock
version: 0.25.0
daemon_ipc_schema: 10
client_version: 0.26.0
client_ipc_schema: 10
compatible: false
started_at: 2026-10-03T20:35:35.574932913-04:00
active_jobs: 0
accepted_jobs: 0
remediation: karvi daemon restart
exit=0
[3] the client submits a run (target 192.0.2.1, TEST-NET-1)
exit=112
-- stdout
-- stderr
daemon_incompatible: running daemon version 0.25.0 uses IPC schema 10; karvi 0.26.0 uses schema 10, and both must match; no job was submitted and the daemon was not replaced automatically; run "karvi daemon status" and, when active_jobs is 0, run "karvi daemon restart", then retry (or use "karvi run --no-daemon ..." for an explicit foreground run)
[4] the jobs tree
/tmp/nd.H543/c/base/jobs
[5] stop by the client, then the pid is gone
daemon stopped (version=0.25.0 ipc_schema=10; client_schema=10)
exit=0
pid 516723 gone
