karvi v0.28.0 release verification (built from source, race run, parity suite)
2026-10-08T17:59:20Z
all modules verified
?   	github.com/robert-patrick-texas/karvi/cmd/karvi	[no test files]
?   	github.com/robert-patrick-texas/karvi/cmd/karvi-askpass	[no test files]
?   	github.com/robert-patrick-texas/karvi/cmd/karvi-fake-device	[no test files]
?   	github.com/robert-patrick-texas/karvi/cmd/karvi-prune	[no test files]
?   	github.com/robert-patrick-texas/karvi/configschema	[no test files]
ok  	github.com/robert-patrick-texas/karvi/credentialpackage	0.095s
ok  	github.com/robert-patrick-texas/karvi/credentials	0.020s
ok  	github.com/robert-patrick-texas/karvi/dispatch	0.032s
ok  	github.com/robert-patrick-texas/karvi/executionplan	0.029s
?   	github.com/robert-patrick-texas/karvi/executionplan/plantest	[no test files]
ok  	github.com/robert-patrick-texas/karvi/internal/adapters/scrapligov1	8.553s
ok  	github.com/robert-patrick-texas/karvi/internal/adapters/sshkey	0.133s
?   	github.com/robert-patrick-texas/karvi/internal/adapters/sshkey/sshkeytest	[no test files]
ok  	github.com/robert-patrick-texas/karvi/internal/app	0.646s
ok  	github.com/robert-patrick-texas/karvi/internal/askpass	0.007s
ok  	github.com/robert-patrick-texas/karvi/internal/audit	0.053s
ok  	github.com/robert-patrick-texas/karvi/internal/buildinfo	0.005s
ok  	github.com/robert-patrick-texas/karvi/internal/canary	0.009s
?   	github.com/robert-patrick-texas/karvi/internal/canary/canarytest	[no test files]
ok  	github.com/robert-patrick-texas/karvi/internal/capacity	0.010s
ok  	github.com/robert-patrick-texas/karvi/internal/cli	15.456s
ok  	github.com/robert-patrick-texas/karvi/internal/completion	0.003s
ok  	github.com/robert-patrick-texas/karvi/internal/configload	9.191s
ok  	github.com/robert-patrick-texas/karvi/internal/configload/tomlmini	0.003s
ok  	github.com/robert-patrick-texas/karvi/internal/credentialbackend	0.878s
ok  	github.com/robert-patrick-texas/karvi/internal/credentialbackend/cloginrc	0.009s
ok  	github.com/robert-patrick-texas/karvi/internal/credentialbackend/credcsv	0.023s
ok  	github.com/robert-patrick-texas/karvi/internal/credentialbackend/credfile	0.007s
?   	github.com/robert-patrick-texas/karvi/internal/credentialbackend/env	[no test files]
?   	github.com/robert-patrick-texas/karvi/internal/credentialbackend/envindirect	[no test files]
ok  	github.com/robert-patrick-texas/karvi/internal/credentialbackend/operatorkeys	0.134s
?   	github.com/robert-patrick-texas/karvi/internal/credentialbackend/redis	[no test files]
?   	github.com/robert-patrick-texas/karvi/internal/credentialbackend/vault	[no test files]
ok  	github.com/robert-patrick-texas/karvi/internal/credentialframe	0.031s
ok  	github.com/robert-patrick-texas/karvi/internal/daemon	22.273s
ok  	github.com/robert-patrick-texas/karvi/internal/devsession	21.233s
ok  	github.com/robert-patrick-texas/karvi/internal/display	0.005s
ok  	github.com/robert-patrick-texas/karvi/internal/errorcodes	0.458s
ok  	github.com/robert-patrick-texas/karvi/internal/executor	47.037s
ok  	github.com/robert-patrick-texas/karvi/internal/exitcode	0.003s
ok  	github.com/robert-patrick-texas/karvi/internal/fakedevice	0.042s
ok  	github.com/robert-patrick-texas/karvi/internal/helplayout	0.003s
ok  	github.com/robert-patrick-texas/karvi/internal/hostkey	1.225s
ok  	github.com/robert-patrick-texas/karvi/internal/icmpgate	3.942s
ok  	github.com/robert-patrick-texas/karvi/internal/inventoryload	0.327s
ok  	github.com/robert-patrick-texas/karvi/internal/ipc	0.033s
ok  	github.com/robert-patrick-texas/karvi/internal/jobexec	0.807s
ok  	github.com/robert-patrick-texas/karvi/internal/matching	0.004s
?   	github.com/robert-patrick-texas/karvi/internal/metrics	[no test files]
ok  	github.com/robert-patrick-texas/karvi/internal/osutil	0.279s
?   	github.com/robert-patrick-texas/karvi/internal/osutil/osutiltest	[no test files]
ok  	github.com/robert-patrick-texas/karvi/internal/output	0.348s
ok  	github.com/robert-patrick-texas/karvi/internal/planner	1.382s
ok  	github.com/robert-patrick-texas/karvi/internal/prune	0.016s
ok  	github.com/robert-patrick-texas/karvi/internal/resolver	0.176s
ok  	github.com/robert-patrick-texas/karvi/internal/scoreboard	0.190s
?   	github.com/robert-patrick-texas/karvi/internal/secrets	[no test files]
ok  	github.com/robert-patrick-texas/karvi/internal/sshalgorithms	0.006s
ok  	github.com/robert-patrick-texas/karvi/internal/targetsource	0.009s
ok  	github.com/robert-patrick-texas/karvi/internal/termline	0.004s
ok  	github.com/robert-patrick-texas/karvi/internal/termtext	0.007s
?   	github.com/robert-patrick-texas/karvi/internal/testdir	[no test files]
?   	github.com/robert-patrick-texas/karvi/internal/testsocket	[no test files]
ok  	github.com/robert-patrick-texas/karvi/internal/transcript	0.009s
ok  	github.com/robert-patrick-texas/karvi/internal/transport/native	4.406s
ok  	github.com/robert-patrick-texas/karvi/internal/transport/systemssh	6.775s
ok  	github.com/robert-patrick-texas/karvi/internal/transport/telnet	1.840s
ok  	github.com/robert-patrick-texas/karvi/internal/transportselect	0.103s
ok  	github.com/robert-patrick-texas/karvi/internal/watchui	0.080s
ok  	github.com/robert-patrick-texas/karvi/inventory	0.004s
ok  	github.com/robert-patrick-texas/karvi/platform	0.003s
ok  	github.com/robert-patrick-texas/karvi/records	0.029s
ok  	github.com/robert-patrick-texas/karvi/tabular	0.004s
?   	github.com/robert-patrick-texas/karvi/tools/configgen	[no test files]
?   	github.com/robert-patrick-texas/karvi/tools/configtable	[no test files]
?   	github.com/robert-patrick-texas/karvi/tools/daemon-fixture	[no test files]
?   	github.com/robert-patrick-texas/karvi/tools/errorcodegen	[no test files]
ok  	github.com/robert-patrick-texas/karvi/tools/mangen	0.322s
ok  	github.com/robert-patrick-texas/karvi/tools/md-to-html	0.216s
ok  	github.com/robert-patrick-texas/karvi/tools/paritycheck	0.009s
?   	github.com/robert-patrick-texas/karvi/tools/schema-check	[no test files]
ok  	github.com/robert-patrick-texas/karvi/tools/secret-scan	0.008s
?   	github.com/robert-patrick-texas/karvi/tools/textfile	[no test files]
ok  	github.com/robert-patrick-texas/karvi/transform	0.004s
?   	github.com/robert-patrick-texas/karvi/cmd/karvi	[no test files]
?   	github.com/robert-patrick-texas/karvi/cmd/karvi-askpass	[no test files]
?   	github.com/robert-patrick-texas/karvi/cmd/karvi-fake-device	[no test files]
?   	github.com/robert-patrick-texas/karvi/cmd/karvi-prune	[no test files]
?   	github.com/robert-patrick-texas/karvi/configschema	[no test files]
ok  	github.com/robert-patrick-texas/karvi/credentialpackage	1.322s
ok  	github.com/robert-patrick-texas/karvi/credentials	1.086s
ok  	github.com/robert-patrick-texas/karvi/dispatch	1.050s
ok  	github.com/robert-patrick-texas/karvi/executionplan	1.148s
?   	github.com/robert-patrick-texas/karvi/executionplan/plantest	[no test files]
ok  	github.com/robert-patrick-texas/karvi/internal/adapters/scrapligov1	9.820s
ok  	github.com/robert-patrick-texas/karvi/internal/adapters/sshkey	2.787s
?   	github.com/robert-patrick-texas/karvi/internal/adapters/sshkey/sshkeytest	[no test files]
ok  	github.com/robert-patrick-texas/karvi/internal/app	2.050s
ok  	github.com/robert-patrick-texas/karvi/internal/askpass	1.024s
ok  	github.com/robert-patrick-texas/karvi/internal/audit	1.125s
ok  	github.com/robert-patrick-texas/karvi/internal/buildinfo	1.020s
ok  	github.com/robert-patrick-texas/karvi/internal/canary	1.032s
?   	github.com/robert-patrick-texas/karvi/internal/canary/canarytest	[no test files]
ok  	github.com/robert-patrick-texas/karvi/internal/capacity	1.036s
ok  	github.com/robert-patrick-texas/karvi/internal/cli	32.461s
ok  	github.com/robert-patrick-texas/karvi/internal/completion	1.015s
ok  	github.com/robert-patrick-texas/karvi/internal/configload	27.659s
ok  	github.com/robert-patrick-texas/karvi/internal/configload/tomlmini	1.014s
ok  	github.com/robert-patrick-texas/karvi/internal/credentialbackend	4.843s
ok  	github.com/robert-patrick-texas/karvi/internal/credentialbackend/cloginrc	1.029s
ok  	github.com/robert-patrick-texas/karvi/internal/credentialbackend/credcsv	1.110s
ok  	github.com/robert-patrick-texas/karvi/internal/credentialbackend/credfile	1.045s
?   	github.com/robert-patrick-texas/karvi/internal/credentialbackend/env	[no test files]
?   	github.com/robert-patrick-texas/karvi/internal/credentialbackend/envindirect	[no test files]
ok  	github.com/robert-patrick-texas/karvi/internal/credentialbackend/operatorkeys	3.093s
?   	github.com/robert-patrick-texas/karvi/internal/credentialbackend/redis	[no test files]
?   	github.com/robert-patrick-texas/karvi/internal/credentialbackend/vault	[no test files]
ok  	github.com/robert-patrick-texas/karvi/internal/credentialframe	1.121s
ok  	github.com/robert-patrick-texas/karvi/internal/daemon	62.203s
ok  	github.com/robert-patrick-texas/karvi/internal/devsession	30.646s
ok  	github.com/robert-patrick-texas/karvi/internal/display	1.028s
ok  	github.com/robert-patrick-texas/karvi/internal/errorcodes	3.518s
ok  	github.com/robert-patrick-texas/karvi/internal/executor	51.274s
ok  	github.com/robert-patrick-texas/karvi/internal/exitcode	1.020s
ok  	github.com/robert-patrick-texas/karvi/internal/fakedevice	1.159s
ok  	github.com/robert-patrick-texas/karvi/internal/helplayout	1.020s
ok  	github.com/robert-patrick-texas/karvi/internal/hostkey	2.255s
ok  	github.com/robert-patrick-texas/karvi/internal/icmpgate	4.971s
ok  	github.com/robert-patrick-texas/karvi/internal/inventoryload	2.221s
ok  	github.com/robert-patrick-texas/karvi/internal/ipc	1.190s
ok  	github.com/robert-patrick-texas/karvi/internal/jobexec	5.693s
ok  	github.com/robert-patrick-texas/karvi/internal/matching	1.030s
?   	github.com/robert-patrick-texas/karvi/internal/metrics	[no test files]
ok  	github.com/robert-patrick-texas/karvi/internal/osutil	1.362s
?   	github.com/robert-patrick-texas/karvi/internal/osutil/osutiltest	[no test files]
ok  	github.com/robert-patrick-texas/karvi/internal/output	4.992s
ok  	github.com/robert-patrick-texas/karvi/internal/planner	5.737s
ok  	github.com/robert-patrick-texas/karvi/internal/prune	1.061s
ok  	github.com/robert-patrick-texas/karvi/internal/resolver	1.408s
ok  	github.com/robert-patrick-texas/karvi/internal/scoreboard	1.209s
?   	github.com/robert-patrick-texas/karvi/internal/secrets	[no test files]
ok  	github.com/robert-patrick-texas/karvi/internal/sshalgorithms	1.017s
ok  	github.com/robert-patrick-texas/karvi/internal/targetsource	1.027s
ok  	github.com/robert-patrick-texas/karvi/internal/termline	1.026s
ok  	github.com/robert-patrick-texas/karvi/internal/termtext	1.033s
?   	github.com/robert-patrick-texas/karvi/internal/testdir	[no test files]
?   	github.com/robert-patrick-texas/karvi/internal/testsocket	[no test files]
ok  	github.com/robert-patrick-texas/karvi/internal/transcript	1.024s
ok  	github.com/robert-patrick-texas/karvi/internal/transport/native	7.389s
ok  	github.com/robert-patrick-texas/karvi/internal/transport/systemssh	8.453s
ok  	github.com/robert-patrick-texas/karvi/internal/transport/telnet	4.595s
ok  	github.com/robert-patrick-texas/karvi/internal/transportselect	1.358s
ok  	github.com/robert-patrick-texas/karvi/internal/watchui	1.392s
ok  	github.com/robert-patrick-texas/karvi/inventory	1.017s
ok  	github.com/robert-patrick-texas/karvi/platform	1.021s
ok  	github.com/robert-patrick-texas/karvi/records	1.219s
ok  	github.com/robert-patrick-texas/karvi/tabular	1.026s
?   	github.com/robert-patrick-texas/karvi/tools/configgen	[no test files]
?   	github.com/robert-patrick-texas/karvi/tools/configtable	[no test files]
?   	github.com/robert-patrick-texas/karvi/tools/daemon-fixture	[no test files]
?   	github.com/robert-patrick-texas/karvi/tools/errorcodegen	[no test files]
ok  	github.com/robert-patrick-texas/karvi/tools/mangen	1.382s
ok  	github.com/robert-patrick-texas/karvi/tools/md-to-html	3.550s
ok  	github.com/robert-patrick-texas/karvi/tools/paritycheck	1.053s
?   	github.com/robert-patrick-texas/karvi/tools/schema-check	[no test files]
ok  	github.com/robert-patrick-texas/karvi/tools/secret-scan	1.040s
?   	github.com/robert-patrick-texas/karvi/tools/textfile	[no test files]
ok  	github.com/robert-patrick-texas/karvi/transform	1.017s
mkdir -p bin
CGO_ENABLED=0 GOOS=linux GOARCH=amd64 go build -buildvcs=false -trimpath -ldflags '-s -w -X github.com/robert-patrick-texas/karvi/internal/buildinfo.Commit=source-release-v0.28.0 -X github.com/robert-patrick-texas/karvi/internal/buildinfo.BuildTime=2026-10-08T00:00:00Z -X github.com/robert-patrick-texas/karvi/internal/buildinfo.FIPSMode=false' -o bin/karvi-linux-amd64 ./cmd/karvi
CGO_ENABLED=0 GOOS=linux GOARCH=amd64 go build -buildvcs=false -trimpath -ldflags '-s -w -X github.com/robert-patrick-texas/karvi/internal/buildinfo.Commit=source-release-v0.28.0 -X github.com/robert-patrick-texas/karvi/internal/buildinfo.BuildTime=2026-10-08T00:00:00Z -X github.com/robert-patrick-texas/karvi/internal/buildinfo.FIPSMode=false' -o bin/karvi-askpass-linux-amd64 ./cmd/karvi-askpass
CGO_ENABLED=0 GOOS=linux GOARCH=amd64 go build -buildvcs=false -trimpath -ldflags '-s -w -X github.com/robert-patrick-texas/karvi/internal/buildinfo.Commit=source-release-v0.28.0 -X github.com/robert-patrick-texas/karvi/internal/buildinfo.BuildTime=2026-10-08T00:00:00Z -X github.com/robert-patrick-texas/karvi/internal/buildinfo.FIPSMode=false' -o bin/karvi-prune-linux-amd64 ./cmd/karvi-prune
ln -sfn karvi-linux-amd64 bin/karvi
ln -sfn karvi-askpass-linux-amd64 bin/karvi-askpass
ln -sfn karvi-prune-linux-amd64 bin/karvi-prune
mkdir -p bin
CGO_ENABLED=0 GOTOOLCHAIN=local go build -buildvcs=false -trimpath -o bin/secret-scan ./tools/secret-scan
native smoke: S1 success, a rejected command, success under continue (the daemon path too): parity: 3 records equal in 6 streams
native smoke: S2 a rejected command under halt: parity: 3 records equal in 4 streams
native smoke: S3 a timeout under continue: parity: 3 records equal in 4 streams
native smoke: S4 a session-init profile, fail-device: parity: 4 records equal in 4 streams
native smoke: S5 a session-init profile, continue: parity: 4 records equal in 4 streams
native smoke: S6 an alias of cisco_iosxe: parity: 2 records equal in 4 streams
native smoke: S7 privilege 15 at login, no enable secret: parity: 2 records equal in 4 streams
native smoke: S8 the device asks for an enable secret, none resolved: parity: 2 records equal in 4 streams
native smoke: S9 a wrong enable secret: parity: 1 records equal in 4 streams
native smoke: S10 generic records a rejected command as it comes: parity: 2 records equal in 4 streams
native smoke: S11 the output limit: parity: 2 records equal in 4 streams
native smoke: S12a the legacy device under the defaults: parity: 1 records equal in 4 streams
native smoke: S12b the legacy device through an algorithm profile: parity: 2 records equal in 4 streams
native smoke: S13 a rejected password: parity: 1 records equal in 4 streams
native smoke: S13b a login by the operator's key, no password offered: parity: 1 records equal in 4 streams
native smoke: S13c a key the device refuses, no password offered: parity: 1 records equal in 4 streams
native smoke: S13d a server without keyboard-interactive takes the password method: parity: 1 records equal in 4 streams
native smoke: S35a exec: each way a command ends, under continue: parity: 8 records equal in 4 streams
native smoke: S35b exec: the output limit across both streams, the connection serving the next: parity: 3 records equal in 4 streams
native smoke: S35c exec: each stream spooled past the threshold: parity: 3 records equal in 4 streams
native smoke: S35d exec: sudo refused, under halt: parity: 2 records equal in 4 streams
native smoke: S35e linux_shell over the Linux persona's shell, with bash's decorations: parity: 4 records equal in 4 streams
native smoke: S35f exec: a refused exec request: parity: 2 records equal in 4 streams
native smoke: S14a secure, an empty store: parity: 1 records equal in 4 streams
native smoke: S14b secure, another key enrolled under the identity: parity: 1 records equal in 4 streams
native smoke: S14c insecure, another key enrolled (the mismatch warning): parity: 1 records equal in 4 streams
native smoke: S14d system enrolls, scrapligo-v1 reads under secure: parity: 1 records equal in 2 streams
native smoke: S14e scrapligo-v1 enrolls, system reads under secure: parity: 1 records equal in 2 streams
native smoke: S15 no first prompt within the login allowance: parity: 1 records equal in 4 streams
native smoke: S16 no privileged prompt within the enable timeout: parity: 2 records equal in 4 streams
native smoke: S17 the device timeout cuts the second command under continue: parity: 3 records equal in 4 streams
native smoke: S18 a device gone silent is ended by the keepalives: parity: 3 records equal in 4 streams
native smoke: S19 a [confirm] answered by the escape, the prompt returns: parity: 2 records equal in 4 streams
native smoke: S20 a [confirm] answered by the escape, the prompt never returns: parity: 1 records equal in 4 streams
native smoke: S21 a value prompt answered by --expect, the prompt returns: parity: 2 records equal in 4 streams
native smoke: S22 a mistyped pattern waits out the command timeout: parity: 1 records equal in 4 streams
native smoke: S23 a blind reload with the save and confirm declarations, unsaved: parity: 1 records equal in 4 streams
native smoke: S24 a blind reload with the save and confirm declarations, saved: parity: 1 records equal in 4 streams
native smoke: S25 an alias with its own paging-commands sends one paging line: parity: 1 records equal in 4 streams
native smoke: S30 a platform-less row receives the generic table start statements: parity: 1 records equal in 4 streams
native smoke: S26 an unknown row platform falls back under warn with the notice: parity: 1 records equal in 4 streams
native smoke: S27 promptbefore across a mode change, and a statement with no answer: parity: 4 records equal in 4 streams
native smoke: S28 an echoed enable secret reaches nothing: parity: 1 records equal in 4 streams
native smoke: S29 output.files: all false, the daemon, two false, the limit: ok
native smoke: S32 the invocation decides the files through the daemon: --nof, --of=PATH, two keys false, the refusals: ok
native smoke: S31 the frame bound: the output left out with follow_output_omitted, the file whole: ok
native smoke: pass
native smoke: S33 the collection run: the file, the kept device, the folder, the summary, a rejected statement, --cd through the daemon, --nof, the crun.after hook on both paths, its exit and its bound, the crun-filters drop list off, a site's, and a bad pattern refused, the packaged cron script's guard: ok
native smoke: S34 --cd and --fs on run and command: the unfiltered file, the folder's text files, the kept device, a rejected statement with and without --continue, the collection line after the footer on both paths, no hook but crun's, --nof, the suffix and the implied working directory, the sweep, crun's --fs, a bad suffix: ok
v0100-smoke: rows
d1   exit 0
d2   exit 0
e1   exit 0
e2   exit 0
c    exit 4  (--dry-run --exercise)
c    exit 4  (--dry-run --detach)
c    exit 4  (--exercise --detach)
c    exit 4  (--detach --follow)
c    exit 4  (--detach --no-daemon)
c    exit 4  (--exercise --no-daemon)
f1   exit 0
t1   exit 0
t2   exit 0
i1   exit 113
p1   exit 111
s1   exit 0
s2   exit -  (SIGTERM, grace expired)
s3   exit -  (SIGTERM, job finished within the grace)
s4   exit 112
s4c  exit 4  (daemon stop --grace --force)
s4c  exit 4  (daemon restart --after=1s --force)
s4c  exit 4  (daemon stop --after=0s)
s5   exit 0
s6   exit 0
s7   exit 113  (Ctrl-C during --grace)
s7f  exit 0
s8   exit 0
s9   exit 112
c1c  exit 0
c2   exit 112
c3   exit 0
c4f  exit 113
w1f  exit 0
w2   exit 0
w3   exit 112
w4f  exit 113
w5   exit 0
w6   exit 113
g1   exit 101
g2   exit 101
g3   exit 101
g4   exit 101
g5   exit 0
g6   exit 0
g7   exit 4
v0100 smoke (rehearsal, detach, follow, interrupt, the ICMP gate, shutdown accounting, cancel_job, job follow): pass (45 rows)
smoke: pass
halt smoke: pass
host-key smoke: pass
transcript smoke: pass
display smoke: pass
v0.6.0 transport and CLI smoke: pass
v0.6.1 address-alias smoke: pass
v0.7.0 command-session, display-color, and debug smoke: pass
v0.8.0 display, JSON, border, and multi-target smoke: pass
v0.9.0 family-preference, border, and error-echo smoke: pass
== the parser acceptance rows
== aliases and spellings
== renamed and removed spellings
== target sets in every mode
== target folders
== output folder layout and permissions
== dispatch order
== command text in debug output
== parser codes
k03-smoke-test: ok
completion-smoke: the function driven under bash 5.3.9(1)-release with /usr/share/bash-completion/bash_completion
completion-smoke: ok
daemon upgrade smoke test: pass
canary-smoke: rows
c1   exit 0
c2   exit 0
c3   exit 0
r1   exit 0
r2   exit 0 (daemon pid 1048557)
r3   exit 0/0
s1   exit 0/0 (daemon pid 1048751)
d1   exit 0
e1   exit 0
p1   exit 101
p2   exit 110
p3   exit 4
l1   exit 0
canary-smoke: scan
scanned: 144 files, 310531 bytes, 0 processes; 0 hits
canary-smoke: pass (13 rows, 144 files scanned, 0 hits)
spool smoke: S1 threshold 0 spools a 34-byte answer, the spool removed
spool smoke: S2 the 65.7 MB record equal through the spool, in memory, and across a mid-line threshold (bc3e11b9bd650851f811f36ca766bce2b3cdddeb997191e5f6b77af57b4cbd79)
spool smoke: S3 the failure pattern found through the spool
spool smoke: S4 the limit (20000 held, 20147 observed), the timeout, the cancel, and the lost session record their settled bytes
spool smoke: S5 the sweep removed the dead pid's spool and kept the daemon's; karvi-prune left the directory alone
spool smoke: S6 the follower fed from the file, omitted over the bound, and told when not kept
spool smoke: S7 --nof displayed the spooled answer without a job folder
spool smoke: S8 the scoreboard carried 54330541 bytes in flight during the response and 0 at the end
spool smoke: S9 never read nothing; auto narrowed 12 devices to what 4 GiB holds
spool smoke: S10 always refused at the floor, the job's folder and the spool named; --nof asked the spool's volume
spool smoke: S10 the other-volume row not exercised here (/dev/shm not a smaller separate volume)
spool smoke: pass
./scripts/build-deb.sh
/tmp/karvi-verify-deb-7MiaRV/karvi_0.28.0_amd64.deb
check-deb: karvi_0.28.0_amd64.deb matches /home/netops/karvi/karvi: executables, documents, units' documentation, reference link, lintian
sha256sum bin/karvi-linux-amd64 \
	bin/karvi-askpass-linux-amd64 \
	bin/karvi-prune-linux-amd64 > CHECKSUMS.sha256
karvi native release verification passed
verify-release exit=0
CHECKSUMS.sha256 unchanged by the rebuild
