karvi v0.26.0 Unix-socket test qualification across TMPDIR lengths
go version go1.27.1 linux/amd64
[TMPDIR length 25]
--- PASS: TestBrokerReturnsOneRecognizedSecretAndThenCloses (0.00s)
--- PASS: TestBrokerRejectsUnknownPrompt (0.00s)
--- PASS: TestStartLeavesAnExistingDirectoryAsItIs (0.00s)
ok  	github.com/robert-patrick-texas/karvi/internal/askpass	0.012s
--- PASS: TestRunNoDaemonCarriesTheBlindSendToThePlan (0.86s)
--- PASS: TestRunNoDaemonCarriesTheDeclarationsToThePlan (0.58s)
--- PASS: TestCompleteReachesTheTable (0.06s)
--- PASS: TestCompleteCases (0.16s)
--- PASS: TestCompleteWord (0.04s)
--- PASS: TestConfigColors (0.03s)
--- PASS: TestCrunWordParses (0.01s)
--- PASS: TestCrunDryRunListsPerPlatform (0.11s)
--- PASS: TestEnsureDaemonPassesOnlyTheAllowList (0.14s)
--- PASS: TestDaemonStopOptionsAreMutuallyExclusive (0.00s)
--- PASS: TestDaemonStopWithoutOptionRefusesActiveJobs (0.04s)
--- PASS: TestDaemonStopGraceDrainsThenStops (0.53s)
--- PASS: TestDaemonStopAfterForcesWhenLimitElapses (0.33s)
--- PASS: TestDaemonStopGraceInterruptLeavesDaemonDraining (0.33s)
--- PASS: TestEnsureDaemonRejectsOlderDaemonWithoutSpawningReplacement (0.05s)
--- PASS: TestEnsureDaemonRejectsSameSchemaOtherVersion (0.05s)
--- PASS: TestDaemonStatusReportsOlderSchemaAndRemediation (0.03s)
--- PASS: TestDaemonRestartRefusesActiveJobsWithoutForce (0.03s)
--- PASS: TestRunDetachReturnsTheReceipt (0.69s)
--- PASS: TestRunFollowFalseWaitsWithoutRendering (0.49s)
--- PASS: TestRunDetachConflicts (0.02s)
--- PASS: TestDispatchOptionsAreKeyOverrides (0.00s)
--- PASS: TestDispatchOptionOutOfRange (0.05s)
--- PASS: TestOptionSources (0.00s)
--- PASS: TestRunDryRunAgainstADaemon (0.42s)
--- PASS: TestRunDryRunWithoutADaemon (0.17s)
--- PASS: TestRunDryRunIncompatibleDaemonIsInvalid (0.07s)
--- PASS: TestRunDryRunAbortsNameTheStage (0.05s)
--- PASS: TestRunExerciseAgainstADaemon (0.51s)
--- PASS: TestRunExerciseNotReadyExitsWithTheFindingsCode (0.50s)
--- PASS: TestRunExerciseConflictsAndStages (0.36s)
--- PASS: TestFsOptionChecks (0.00s)
--- PASS: TestFsImpliesCdOnRunAndCommand (0.00s)
--- PASS: TestFsDryRunAndStream (0.05s)
--- PASS: TestHelpLayoutKeepsEveryHelpText (0.00s)
--- PASS: TestHelpStyleDecision (0.22s)
--- PASS: TestHelpPagesAreThePageSet (0.00s)
--- PASS: TestHelpMatchesParserTable (0.00s)
--- PASS: TestHelpShapesRegular (0.00s)
--- PASS: TestRunRetriesOnceWhenTheDaemonLeftAfterTheProbe (0.64s)
--- PASS: TestJobCancelRequiresOneJobID (0.00s)
--- PASS: TestJobCancelPrintsTheTwoAnswers (0.06s)
--- PASS: TestJobCancelUnknownJobAndNoDaemon (0.04s)
--- PASS: TestJobCancelFollowExitsWithTheJob (0.05s)
--- PASS: TestCancelledLineForms (0.00s)
--- PASS: TestCancelledLineOnlyForAJobThatEndedCancelled (0.00s)
--- PASS: TestJobFollowRequiresOneJobID (0.00s)
--- PASS: TestJobFollowPrintsTheCancelledLineAndExitsWithTheJob (0.17s)
--- PASS: TestJobFollowQuietAndJSON (0.06s)
--- PASS: TestJobFollowUnknownJobAndNoDaemon (0.09s)
--- PASS: TestJobFollowRendersTheDetachedJob (0.61s)
--- PASS: TestJobFollowInterruptedBeforeTheStart (0.04s)
--- PASS: TestJobFollowReadsTheDirectoryWithoutADaemon (0.12s)
--- PASS: TestJobFollowDirectoryStates (0.19s)
--- PASS: TestJobFollowAfterTheDaemonStopped (0.55s)
--- PASS: TestOfOptionParses (0.00s)
--- PASS: TestOfOptionRefusals (0.00s)
--- PASS: TestParseADR0002Rows (0.00s)
--- PASS: TestParseEveryPrefixOfEveryOption (0.04s)
--- PASS: TestParseEveryPrefixOfEveryWord (0.00s)
--- PASS: TestParseAliases (0.00s)
--- PASS: TestParseOneOrTwoDashes (0.01s)
--- PASS: TestParseRemovedSpellingsAreUnknown (0.00s)
--- PASS: TestParseEveryCode (0.00s)
--- PASS: TestParsePlainCommands (0.00s)
--- PASS: TestParseFreeformBoundary (0.00s)
--- PASS: TestParseGlobalRegion (0.00s)
--- PASS: TestMainParserDiagnostics (0.34s)
--- PASS: TestLoadCommandsFileSendsLinesAsWritten (0.00s)
--- PASS: TestDeclarationLists (0.00s)
--- PASS: TestDeclarationsAttachToTheirCommand (0.00s)
--- PASS: TestParseTargetListAndDispatchShortcuts (0.00s)
--- PASS: TestPingFlagConflictIsRefusedBeforeConfiguration (0.00s)
--- PASS: TestPingFlagsReachThePlanThroughTheCLILayer (0.29s)
--- PASS: TestLoginGateSkipsAnUnreachableTarget (0.03s)
--- PASS: TestLoginWithoutAnICMPMethodIsRefusedBeforeCredentials (0.05s)
--- PASS: TestHelpListsThePingFlags (0.04s)
--- PASS: TestLoginPrintsThePingLine (0.24s)
--- PASS: TestDryRunReportsTheICMPCapabilityWithoutProbing (0.19s)
--- PASS: TestPlatformFallbackNotMatchedDryRun (0.17s)
--- PASS: TestPlatformNoticesInTheDryRunReport (0.06s)
--- PASS: TestPlatformNoticesInTheExerciseReport (0.34s)
--- PASS: TestEnableRuleOnThePlatformUsed (0.21s)
--- PASS: TestExerciseRefusesPlatformUnknownToTheDaemon (0.38s)
--- PASS: TestPlatformNotSetDryRun (0.17s)
--- PASS: TestPlatformOptionRefusedBeforeInventory (0.34s)
--- PASS: TestPlatformUnknownAndNotSet (0.51s)
--- PASS: TestRunNoDaemonRunsTheSessionInitProfile (1.96s)
--- PASS: TestSetupShared (0.04s)
--- PASS: TestSetupTab (0.02s)
--- PASS: TestStreamLoopDraftsAndDirectives (0.00s)
--- PASS: TestStreamLoopEndsOnEOFAndCancel (0.00s)
--- PASS: TestStreamLoopCommandOptionsAndClear (0.00s)
--- PASS: TestStreamLoopReadFailure (0.00s)
--- PASS: TestStreamOptionArgs (0.00s)
--- PASS: TestStreamRunsAJobFromStdin (0.35s)
--- PASS: TestStreamTerminalEditsAndHistory (0.00s)
--- PASS: TestStreamLoopReadsNoLineAhead (0.04s)
--- PASS: TestV0100AddressAuthorityOptions (0.10s)
--- PASS: TestV090TrailingOptionsAreDeviceTextUnderK03 (0.00s)
--- PASS: TestV090AddressFamilyAliasesNormalize (0.00s)
--- PASS: TestV090AddressFamilyPreferenceMutualExclusionAllConnectionModes (0.00s)
--- PASS: TestV090AddressFamilyPreferenceUsesLockAwareConfigFlag (0.00s)
--- PASS: TestV090BorderFlagsAreMutuallyExclusive (0.00s)
ok  	github.com/robert-patrick-texas/karvi/internal/cli	15.583s
--- PASS: TestSchema5PayloadsAreStructurallyNonSecret (0.00s)
--- PASS: TestChannelTokenIsACapabilityNotACredential (0.01s)
--- PASS: TestEnvelopeRefusesSecretPayloads (0.00s)
--- PASS: TestSchema5PayloadsValidateAndMatchTheSchema (0.02s)
--- PASS: TestSchema7CancelPayloadsMatchTheSchema (0.01s)
--- PASS: TestCancelRequestValidation (0.00s)
--- PASS: TestSchema8FollowPayloadsMatchTheSchema (0.01s)
--- PASS: TestWriteRecordFrame (0.00s)
--- PASS: TestSchema10ReceiptCarriesWarnings (0.00s)
--- PASS: TestSchemaVersionMatchesBuildInformation (0.00s)
--- PASS: TestCallReturnsStructuredSchemaMismatch (0.00s)
--- PASS: TestCallForSchemaAcceptsReleasedLifecycleEnvelope (0.00s)
ok  	github.com/robert-patrick-texas/karvi/internal/ipc	0.058s
--- PASS: TestDaemonReachesNoLoaderOrBackend (0.02s)
--- PASS: TestNoPackageLevelSecretHolders (0.02s)
--- PASS: TestCancelJobInFlightAccountsEveryUnitCancelled (0.56s)
--- PASS: TestCancelJobOnAFinishedJobAnswersTerminal (1.32s)
--- PASS: TestCancelJobUnknownAndMalformed (0.08s)
--- PASS: TestCancelThenForcedStopKeepsTheCancelledOutcome (0.51s)
--- PASS: TestCancelJobLeavesOtherJobsRunning (6.81s)
--- PASS: TestProbeAndStopCompatibleOlderDaemon (0.00s)
--- PASS: TestProbeSameSchemaOtherVersionIsIncompatible (0.00s)
--- PASS: TestProbeRefusesUnknownNewerLifecycleSchema (0.00s)
--- PASS: TestExerciseValidatesWithoutDeviceContact (0.16s)
--- PASS: TestExerciseSecureWithoutEnrollmentIsNotReady (0.15s)
--- PASS: TestCancelOfAnExerciseChangesNothing (0.36s)
--- PASS: TestFollowLiveJobDeliversEveryRecord (1.19s)
--- PASS: TestFollowResumeAndStaleCursor (0.78s)
--- PASS: TestFollowLaggedSubscriberResumes (0.00s)
--- PASS: TestFollowJobWithoutFileStartsAtTheEdge (0.14s)
--- PASS: TestFollowFrameBoundOmitsOutput (0.64s)
--- PASS: TestOmitOutputLeavesTheRecordAlone (0.00s)
--- PASS: TestFollowNotKeptSpooledRecord (0.05s)
--- PASS: TestIdleTimer (0.07s)
--- PASS: TestConcurrentJobsOfOneOperatorKeepTheirGrants (0.58s)
--- PASS: TestCrossUseBetweenJobsIsRefused (3.27s)
--- PASS: TestLiveJobGatesEachTargetAndSkipsOnlyTheUnreachableOne (0.55s)
--- PASS: TestLiveJobWithoutAnICMPMethodIsRefusedAtCommit (0.15s)
--- PASS: TestDisabledGateDetectsNothing (0.76s)
--- PASS: TestExerciseReportsTheICMPCapabilityWithoutProbing (0.42s)
--- PASS: TestStopIfIdleRefusesWhileJobsAreActive (0.06s)
--- PASS: TestDrainRejectsNewSubmissions (0.10s)
--- PASS: TestForceStopDoesNotWaitForActiveJobs (0.16s)
--- PASS: TestStopRejectsUnknownMode (0.14s)
--- PASS: TestSchema5SequenceRunsAJob (0.61s)
--- PASS: TestSchema5RefusalVectors (0.15s)
--- PASS: TestSchema5PreparationTableBound (0.20s)
--- PASS: TestSchema5DaemonDNSFailureIsAFinding (0.16s)
--- PASS: TestClientRefusals (0.00s)
--- PASS: TestProvidedStageRefusesAtTheFrame (0.55s)
--- PASS: TestCommitRefusesAnEditedSessionInitTable (0.65s)
--- PASS: TestExerciseReportsTheSelectedProfiles (0.17s)
--- PASS: TestForcedStopMidJobStillAccountsEveryUnit (0.46s)
--- PASS: TestSignalDrainsAndStopsWhenTheJobsFinish (3.12s)
--- PASS: TestSignalGraceExpiryAccountsIncomplete (1.37s)
--- PASS: TestSecondSignalShortensTheGrace (1.55s)
--- PASS: TestServerSweepsSpoolsAtStart (0.03s)
ok  	github.com/robert-patrick-texas/karvi/internal/daemon	28.139s
exit=0
[TMPDIR length 145]
--- PASS: TestBrokerReturnsOneRecognizedSecretAndThenCloses (0.00s)
--- PASS: TestBrokerRejectsUnknownPrompt (0.00s)
--- PASS: TestStartLeavesAnExistingDirectoryAsItIs (0.00s)
ok  	github.com/robert-patrick-texas/karvi/internal/askpass	0.010s
--- PASS: TestRunNoDaemonCarriesTheBlindSendToThePlan (0.69s)
--- PASS: TestRunNoDaemonCarriesTheDeclarationsToThePlan (0.54s)
--- PASS: TestCompleteReachesTheTable (0.06s)
--- PASS: TestCompleteCases (0.18s)
--- PASS: TestCompleteWord (0.03s)
--- PASS: TestConfigColors (0.03s)
--- PASS: TestCrunWordParses (0.01s)
--- PASS: TestCrunDryRunListsPerPlatform (0.11s)
--- PASS: TestEnsureDaemonPassesOnlyTheAllowList (0.13s)
--- PASS: TestDaemonStopOptionsAreMutuallyExclusive (0.00s)
--- PASS: TestDaemonStopWithoutOptionRefusesActiveJobs (0.05s)
--- PASS: TestDaemonStopGraceDrainsThenStops (0.53s)
--- PASS: TestDaemonStopAfterForcesWhenLimitElapses (0.37s)
--- PASS: TestDaemonStopGraceInterruptLeavesDaemonDraining (0.32s)
--- PASS: TestEnsureDaemonRejectsOlderDaemonWithoutSpawningReplacement (0.07s)
--- PASS: TestEnsureDaemonRejectsSameSchemaOtherVersion (0.05s)
--- PASS: TestDaemonStatusReportsOlderSchemaAndRemediation (0.04s)
--- PASS: TestDaemonRestartRefusesActiveJobsWithoutForce (0.04s)
--- PASS: TestRunDetachReturnsTheReceipt (0.48s)
--- PASS: TestRunFollowFalseWaitsWithoutRendering (0.27s)
--- PASS: TestRunDetachConflicts (0.02s)
--- PASS: TestDispatchOptionsAreKeyOverrides (0.00s)
--- PASS: TestDispatchOptionOutOfRange (0.04s)
--- PASS: TestOptionSources (0.00s)
--- PASS: TestRunDryRunAgainstADaemon (0.21s)
--- PASS: TestRunDryRunWithoutADaemon (0.17s)
--- PASS: TestRunDryRunIncompatibleDaemonIsInvalid (0.07s)
--- PASS: TestRunDryRunAbortsNameTheStage (0.05s)
--- PASS: TestRunExerciseAgainstADaemon (0.45s)
--- PASS: TestRunExerciseNotReadyExitsWithTheFindingsCode (0.46s)
--- PASS: TestRunExerciseConflictsAndStages (0.26s)
--- PASS: TestFsOptionChecks (0.00s)
--- PASS: TestFsImpliesCdOnRunAndCommand (0.00s)
--- PASS: TestFsDryRunAndStream (0.05s)
--- PASS: TestHelpLayoutKeepsEveryHelpText (0.00s)
--- PASS: TestHelpStyleDecision (0.24s)
--- PASS: TestHelpPagesAreThePageSet (0.00s)
--- PASS: TestHelpMatchesParserTable (0.00s)
--- PASS: TestHelpShapesRegular (0.00s)
--- PASS: TestRunRetriesOnceWhenTheDaemonLeftAfterTheProbe (0.36s)
--- PASS: TestJobCancelRequiresOneJobID (0.00s)
--- PASS: TestJobCancelPrintsTheTwoAnswers (0.07s)
--- PASS: TestJobCancelUnknownJobAndNoDaemon (0.05s)
--- PASS: TestJobCancelFollowExitsWithTheJob (0.05s)
--- PASS: TestCancelledLineForms (0.00s)
--- PASS: TestCancelledLineOnlyForAJobThatEndedCancelled (0.00s)
--- PASS: TestJobFollowRequiresOneJobID (0.00s)
--- PASS: TestJobFollowPrintsTheCancelledLineAndExitsWithTheJob (0.18s)
--- PASS: TestJobFollowQuietAndJSON (0.07s)
--- PASS: TestJobFollowUnknownJobAndNoDaemon (0.09s)
--- PASS: TestJobFollowRendersTheDetachedJob (0.44s)
--- PASS: TestJobFollowInterruptedBeforeTheStart (0.05s)
--- PASS: TestJobFollowReadsTheDirectoryWithoutADaemon (0.12s)
--- PASS: TestJobFollowDirectoryStates (0.23s)
--- PASS: TestJobFollowAfterTheDaemonStopped (0.41s)
--- PASS: TestOfOptionParses (0.00s)
--- PASS: TestOfOptionRefusals (0.00s)
--- PASS: TestParseADR0002Rows (0.00s)
--- PASS: TestParseEveryPrefixOfEveryOption (0.04s)
--- PASS: TestParseEveryPrefixOfEveryWord (0.00s)
--- PASS: TestParseAliases (0.00s)
--- PASS: TestParseOneOrTwoDashes (0.02s)
--- PASS: TestParseRemovedSpellingsAreUnknown (0.00s)
--- PASS: TestParseEveryCode (0.00s)
--- PASS: TestParsePlainCommands (0.00s)
--- PASS: TestParseFreeformBoundary (0.00s)
--- PASS: TestParseGlobalRegion (0.00s)
--- PASS: TestMainParserDiagnostics (0.29s)
--- PASS: TestLoadCommandsFileSendsLinesAsWritten (0.00s)
--- PASS: TestDeclarationLists (0.00s)
--- PASS: TestDeclarationsAttachToTheirCommand (0.00s)
--- PASS: TestParseTargetListAndDispatchShortcuts (0.00s)
--- PASS: TestPingFlagConflictIsRefusedBeforeConfiguration (0.00s)
--- PASS: TestPingFlagsReachThePlanThroughTheCLILayer (0.28s)
--- PASS: TestLoginGateSkipsAnUnreachableTarget (0.03s)
--- PASS: TestLoginWithoutAnICMPMethodIsRefusedBeforeCredentials (0.05s)
--- PASS: TestHelpListsThePingFlags (0.05s)
--- PASS: TestLoginPrintsThePingLine (0.20s)
--- PASS: TestDryRunReportsTheICMPCapabilityWithoutProbing (0.21s)
--- PASS: TestPlatformFallbackNotMatchedDryRun (0.22s)
--- PASS: TestPlatformNoticesInTheDryRunReport (0.07s)
--- PASS: TestPlatformNoticesInTheExerciseReport (0.30s)
--- PASS: TestEnableRuleOnThePlatformUsed (0.15s)
--- PASS: TestExerciseRefusesPlatformUnknownToTheDaemon (0.30s)
--- PASS: TestPlatformNotSetDryRun (0.16s)
--- PASS: TestPlatformOptionRefusedBeforeInventory (0.35s)
--- PASS: TestPlatformUnknownAndNotSet (0.50s)
--- PASS: TestRunNoDaemonRunsTheSessionInitProfile (1.96s)
--- PASS: TestSetupShared (0.04s)
--- PASS: TestSetupTab (0.02s)
--- PASS: TestStreamLoopDraftsAndDirectives (0.00s)
--- PASS: TestStreamLoopEndsOnEOFAndCancel (0.00s)
--- PASS: TestStreamLoopCommandOptionsAndClear (0.00s)
--- PASS: TestStreamLoopReadFailure (0.00s)
--- PASS: TestStreamOptionArgs (0.00s)
--- PASS: TestStreamRunsAJobFromStdin (0.31s)
--- PASS: TestStreamTerminalEditsAndHistory (0.00s)
--- PASS: TestStreamLoopReadsNoLineAhead (0.04s)
--- PASS: TestV0100AddressAuthorityOptions (0.07s)
--- PASS: TestV090TrailingOptionsAreDeviceTextUnderK03 (0.00s)
--- PASS: TestV090AddressFamilyAliasesNormalize (0.00s)
--- PASS: TestV090AddressFamilyPreferenceMutualExclusionAllConnectionModes (0.00s)
--- PASS: TestV090AddressFamilyPreferenceUsesLockAwareConfigFlag (0.00s)
--- PASS: TestV090BorderFlagsAreMutuallyExclusive (0.00s)
ok  	github.com/robert-patrick-texas/karvi/internal/cli	13.813s
--- PASS: TestSchema5PayloadsAreStructurallyNonSecret (0.00s)
--- PASS: TestChannelTokenIsACapabilityNotACredential (0.01s)
--- PASS: TestEnvelopeRefusesSecretPayloads (0.00s)
--- PASS: TestSchema5PayloadsValidateAndMatchTheSchema (0.01s)
--- PASS: TestSchema7CancelPayloadsMatchTheSchema (0.01s)
--- PASS: TestCancelRequestValidation (0.00s)
--- PASS: TestSchema8FollowPayloadsMatchTheSchema (0.01s)
--- PASS: TestWriteRecordFrame (0.00s)
--- PASS: TestSchema10ReceiptCarriesWarnings (0.00s)
--- PASS: TestSchemaVersionMatchesBuildInformation (0.00s)
--- PASS: TestCallReturnsStructuredSchemaMismatch (0.00s)
--- PASS: TestCallForSchemaAcceptsReleasedLifecycleEnvelope (0.00s)
ok  	github.com/robert-patrick-texas/karvi/internal/ipc	0.052s
--- PASS: TestDaemonReachesNoLoaderOrBackend (0.01s)
--- PASS: TestNoPackageLevelSecretHolders (0.02s)
--- PASS: TestCancelJobInFlightAccountsEveryUnitCancelled (0.37s)
--- PASS: TestCancelJobOnAFinishedJobAnswersTerminal (1.28s)
--- PASS: TestCancelJobUnknownAndMalformed (0.11s)
--- PASS: TestCancelThenForcedStopKeepsTheCancelledOutcome (0.36s)
--- PASS: TestCancelJobLeavesOtherJobsRunning (6.76s)
--- PASS: TestProbeAndStopCompatibleOlderDaemon (0.00s)
--- PASS: TestProbeSameSchemaOtherVersionIsIncompatible (0.00s)
--- PASS: TestProbeRefusesUnknownNewerLifecycleSchema (0.00s)
--- PASS: TestExerciseValidatesWithoutDeviceContact (0.15s)
--- PASS: TestExerciseSecureWithoutEnrollmentIsNotReady (0.21s)
--- PASS: TestCancelOfAnExerciseChangesNothing (0.29s)
--- PASS: TestFollowLiveJobDeliversEveryRecord (0.93s)
--- PASS: TestFollowResumeAndStaleCursor (0.65s)
--- PASS: TestFollowLaggedSubscriberResumes (0.01s)
--- PASS: TestFollowJobWithoutFileStartsAtTheEdge (0.10s)
--- PASS: TestFollowFrameBoundOmitsOutput (0.55s)
--- PASS: TestOmitOutputLeavesTheRecordAlone (0.00s)
--- PASS: TestFollowNotKeptSpooledRecord (0.09s)
--- PASS: TestIdleTimer (0.09s)
--- PASS: TestConcurrentJobsOfOneOperatorKeepTheirGrants (0.44s)
--- PASS: TestCrossUseBetweenJobsIsRefused (3.03s)
--- PASS: TestLiveJobGatesEachTargetAndSkipsOnlyTheUnreachableOne (0.41s)
--- PASS: TestLiveJobWithoutAnICMPMethodIsRefusedAtCommit (0.14s)
--- PASS: TestDisabledGateDetectsNothing (0.62s)
--- PASS: TestExerciseReportsTheICMPCapabilityWithoutProbing (0.33s)
--- PASS: TestStopIfIdleRefusesWhileJobsAreActive (0.08s)
--- PASS: TestDrainRejectsNewSubmissions (0.06s)
--- PASS: TestForceStopDoesNotWaitForActiveJobs (0.11s)
--- PASS: TestStopRejectsUnknownMode (0.07s)
--- PASS: TestSchema5SequenceRunsAJob (0.63s)
--- PASS: TestSchema5RefusalVectors (0.10s)
--- PASS: TestSchema5PreparationTableBound (0.09s)
--- PASS: TestSchema5DaemonDNSFailureIsAFinding (0.10s)
--- PASS: TestClientRefusals (0.00s)
--- PASS: TestProvidedStageRefusesAtTheFrame (0.44s)
--- PASS: TestCommitRefusesAnEditedSessionInitTable (0.66s)
--- PASS: TestExerciseReportsTheSelectedProfiles (0.13s)
--- PASS: TestForcedStopMidJobStillAccountsEveryUnit (0.35s)
--- PASS: TestSignalDrainsAndStopsWhenTheJobsFinish (3.21s)
--- PASS: TestSignalGraceExpiryAccountsIncomplete (1.48s)
--- PASS: TestSecondSignalShortensTheGrace (1.62s)
--- PASS: TestServerSweepsSpoolsAtStart (0.05s)
ok  	github.com/robert-patrick-texas/karvi/internal/daemon	26.147s
exit=0
